// Jest Snapshot v1, https://jestjs.io/docs/snapshot-testing

exports[`CustomerEditComponent should support SalesAgent filters 1`] = `[]`;

exports[`CustomerEditComponent should update 1`] = `
{
  "companyName": "COMPANY_NAME",
  "customerAddresses": [],
  "emailAddress": "EMAIL_ADDRESS",
  "id": "ID",
  "name": "NAME",
  "num": "NUM_NUM_NUM_NUM",
  "orders": [],
  "phone": "PHONE",
  "salesAgent": {
    "customers": [],
    "id": 0,
    "loginId": "LOGIN_ID",
    "name": "NAME",
  },
  "salesAgentId": 0,
}
`;
