// Jest Snapshot v1, https://goo.gl/fbAQLP

exports[`CustomerAddComponent should save 1`] = `
Object {
  "companyName": "COMPANY_NAME",
  "customerAddresses": null,
  "emailAddress": "EMAIL_ADDRESS",
  "id": undefined,
  "name": "NAME",
  "num": "NUM-nu.323",
  "orders": null,
  "phone": "PHONE",
  "salesAgent": "SALES_AGENT",
  "salesAgentId": 0,
}
`;
