// Jest Snapshot v1, https://goo.gl/fbAQLP

exports[`CustomerEditComponent should update 1`] = `
Object {
  "companyName": "COMPANY_NAME",
  "customerAddresses": Array [],
  "emailAddress": "EMAIL_ADDRESS",
  "id": "ID",
  "name": "NAME",
  "num": "NUM",
  "orders": Array [],
  "phone": "PHONE",
  "salesPerson": "SALES_PERSON",
}
`;
