// Jest Snapshot v1, https://jestjs.io/docs/snapshot-testing

exports[`ImngGridHeaderComponent should support hideReloadData = false 1`] = `"<span class="k-w-full k-justify-content-center"></span><!--container--><div class="mr-5 pr-5"><!--container--><button name="imngResetFilters" type="button" title="Reset Filters" class="btn btn-sm mx-1 imng-grid-odata-hdr-btn"><kendo-svg-icon></kendo-svg-icon> Reset Filters </button><!--container--><button name="imngReloadData" type="button" title="Clear Cache And Reload Data" class="btn btn-sm mx-1 imng-grid-odata-hdr-btn"><kendo-svg-icon></kendo-svg-icon> Reload Data </button><!--container--><kendo-splitbutton textfield="name" class="btn btn-sm mx-1 imng-grid-odata-hdr-btn"></kendo-splitbutton><!--container--><kendo-grid-column-chooser name="imngColumnChooser" title="Columns"></kendo-grid-column-chooser><!--container--></div>"`;

exports[`ImngGridHeaderComponent should support hideReloadData = true 1`] = `"<span class="k-w-full k-justify-content-center"></span><!--container--><div class="mr-5 pr-5"><!--container--><button name="imngResetFilters" type="button" title="Reset Filters" class="btn btn-sm mx-1 imng-grid-odata-hdr-btn"><kendo-svg-icon></kendo-svg-icon> Reset Filters </button><!--container--><!--container--><kendo-splitbutton textfield="name" class="btn btn-sm mx-1 imng-grid-odata-hdr-btn"></kendo-splitbutton><!--container--><kendo-grid-column-chooser name="imngColumnChooser" title="Columns"></kendo-grid-column-chooser><!--container--></div>"`;

exports[`ImngGridHeaderComponent should support hideResetFilters = false 1`] = `"<span class="k-w-full k-justify-content-center"></span><!--container--><div class="mr-5 pr-5"><!--container--><button name="imngResetFilters" type="button" title="Reset Filters" class="btn btn-sm mx-1 imng-grid-odata-hdr-btn"><kendo-svg-icon></kendo-svg-icon> Reset Filters </button><!--container--><button name="imngReloadData" type="button" title="Clear Cache And Reload Data" class="btn btn-sm mx-1 imng-grid-odata-hdr-btn"><kendo-svg-icon></kendo-svg-icon> Reload Data </button><!--container--><kendo-splitbutton textfield="name" class="btn btn-sm mx-1 imng-grid-odata-hdr-btn"></kendo-splitbutton><!--container--><kendo-grid-column-chooser name="imngColumnChooser" title="Columns"></kendo-grid-column-chooser><!--container--></div>"`;

exports[`ImngGridHeaderComponent should support hideResetFilters = true 1`] = `"<span class="k-w-full k-justify-content-center"></span><!--container--><div class="mr-5 pr-5"><!--container--><!--container--><button name="imngReloadData" type="button" title="Clear Cache And Reload Data" class="btn btn-sm mx-1 imng-grid-odata-hdr-btn"><kendo-svg-icon></kendo-svg-icon> Reload Data </button><!--container--><kendo-splitbutton textfield="name" class="btn btn-sm mx-1 imng-grid-odata-hdr-btn"></kendo-splitbutton><!--container--><kendo-grid-column-chooser name="imngColumnChooser" title="Columns"></kendo-grid-column-chooser><!--container--></div>"`;
