// Jest Snapshot v1, https://jestjs.io/docs/snapshot-testing

exports[`Testing createDataEntryMockFacade should create 1`] = `
DataEntryMockFacade {
  "clearCurrentEntity": [MockFunction],
  "currentEntity$": Observable {
    "_subscribe": [Function],
  },
  "currentModalState$": Observable {
    "_subscribe": [Function],
  },
  "isEditActive$": Observable {
    "_subscribe": [Function],
  },
  "isNewActive$": Observable {
    "_subscribe": [Function],
  },
  "loading$": Observable {
    "_subscribe": [Function],
  },
  "saveNewEntity": [MockFunction],
  "setCurrentEntity": [MockFunction],
  "updateExistingEntity": [MockFunction],
}
`;
