// Jest Snapshot v1, https://jestjs.io/docs/snapshot-testing

exports[`IMNG_KENDO_GRID_ODATA should create an instance 1`] = `
{
  "data": {
    "data": [],
    "total": 0,
  },
  "filterable": "menu",
  "sortable": {
    "allowUnsort": true,
    "mode": "multiple",
  },
}
`;

exports[`IMNG_KENDO_GRID_ODATA should fire AfterViewInit 1`] = `
{
  "data": {
    "data": [],
    "total": 0,
  },
  "filterable": "menu",
  "sortable": {
    "allowUnsort": true,
    "mode": "multiple",
  },
}
`;

exports[`IMNG_KENDO_GRID_ODATA should fire OnInit 1`] = `
{
  "data": {
    "data": [],
    "total": 0,
  },
  "filterable": "menu",
  "sortable": {
    "allowUnsort": true,
    "mode": "multiple",
  },
}
`;
