// Jest Snapshot v1, https://goo.gl/fbAQLP

exports[`ImngODataGridDirective should create an instance 1`] = `
{
  "data": {
    "data": [],
    "total": 0,
  },
  "filterable": "menu",
  "sortable": {
    "allowUnsort": true,
    "mode": "multiple",
  },
}
`;

exports[`ImngODataGridDirective should fire AfterViewInit 1`] = `
{
  "data": {
    "data": [],
    "total": 0,
  },
  "filterable": "menu",
  "sortable": {
    "allowUnsort": true,
    "mode": "multiple",
  },
}
`;

exports[`ImngODataGridDirective should fire OnInit 1`] = `
{
  "data": {
    "data": [],
    "total": 0,
  },
  "filterable": "menu",
  "sortable": {
    "allowUnsort": true,
    "mode": "multiple",
  },
}
`;
