// Jest Snapshot v1, https://jestjs.io/docs/snapshot-testing

exports[`KendoODataBasedComponentRouted should reset 1`] = `
{
  "childFilters": undefined,
  "expanders": undefined,
  "filter": {
    "filters": [
      {
        "field": "x",
        "operator": "eq",
        "value": 1,
      },
    ],
    "logic": "and",
  },
  "inFilters": undefined,
  "selectors": [
    "x",
    "y",
    "z",
  ],
  "skip": 0,
  "sort": [
    {
      "dir": "asc",
      "field": "id",
    },
  ],
  "take": 20,
}
`;
