// Jest Snapshot v1, https://goo.gl/fbAQLP

exports[`KendoODataBasedComponent should normalizeFilters CompositeFilter 1`] = `
Object {
  "filters": Array [
    Object {
      "field": "Date",
      "operator": "eq",
      "value": Any<Date>,
    },
    Object {
      "field": "DateUtc",
      "operator": "eq",
      "value": Any<Date>,
    },
    Object {
      "field": "BeginDate",
      "operator": "eq",
      "value": Any<Date>,
    },
  ],
  "logic": "and",
}
`;

exports[`KendoODataBasedComponent should reset 1`] = `
Object {
  "childFilters": undefined,
  "filter": Object {
    "filters": Array [
      Object {
        "field": "x",
        "operator": "eq",
        "value": 1,
      },
    ],
    "logic": "and",
  },
  "inFilters": undefined,
  "selectors": Array [
    "x",
    "y",
    "z",
  ],
  "sort": Array [
    Object {
      "dir": "desc",
      "field": "x",
    },
  ],
}
`;
