// Jest Snapshot v1, https://goo.gl/fbAQLP

exports[`ImngGridHeaderComponent should support hideReloadData = false 1`] = `"<div class="mr-5 pr-5"><!--container--><!--container--><!--container--><!--container--><!--container--><!--container--></div>"`;

exports[`ImngGridHeaderComponent should support hideReloadData = true 1`] = `"<div class="mr-5 pr-5"><!--container--><!--container--><!--container--><!--container--><!--container--><!--container--></div>"`;

exports[`ImngGridHeaderComponent should support hideResetFilters = false 1`] = `"<div class="mr-5 pr-5"><!--container--><!--container--><!--container--><!--container--><!--container--><!--container--></div>"`;

exports[`ImngGridHeaderComponent should support hideResetFilters = true 1`] = `"<div class="mr-5 pr-5"><!--container--><!--container--><!--container--><!--container--><!--container--><!--container--></div>"`;
