// Jest Snapshot v1, https://goo.gl/fbAQLP

exports[`PrimeODataBasedComponent should export to Excel 1`] = `
Array [
  Object {
    "id": "apples",
  },
]
`;

exports[`PrimeODataBasedComponent should reset 1`] = `
Object {
  "filters": Object {
    "x": Array [
      Object {
        "matchMode": "equals",
        "operator": "and",
        "value": 1,
      },
    ],
  },
  "multiSortMeta": Array [
    Object {
      "field": "x",
      "order": 1,
    },
  ],
  "select": Array [
    "x",
    "y",
    "z",
  ],
}
`;
