// Jest Snapshot v1, https://goo.gl/fbAQLP

exports[`PrimeODataBasedComponentRouted should export to Excel 1`] = `
Array [
  Object {
    "id": "apples",
  },
]
`;

exports[`PrimeODataBasedComponentRouted should reset 1`] = `
Object {
  "expand": undefined,
  "filter": Object {
    "filters": Array [
      Object {
        "field": "x",
        "operator": [Function],
        "value": 1,
      },
    ],
    "logic": "and",
  },
  "select": Array [
    "x",
    "y",
    "z",
  ],
  "skip": 0,
  "sort": Array [
    Object {
      "dir": "asc",
      "field": "id",
    },
  ],
  "take": 20,
}
`;
