// Jest Snapshot v1, https://goo.gl/fbAQLP

exports[`PrimeODataBasedComponent Observable State should export to Excel 1`] = `
Array [
  Object {
    "id": "apples",
  },
]
`;

exports[`PrimeODataBasedComponent Observable State should normalizeFilters CompositeFilter 1`] = `
Object {
  "filters": Array [
    Object {
      "field": "Date",
      "operator": Object {
        "name": "equals",
        "toODataString": [Function],
      },
      "value": Any<Date>,
    },
    Object {
      "field": "DateUtc",
      "operator": Object {
        "name": "equals",
        "toODataString": [Function],
      },
      "value": Any<Date>,
    },
    Object {
      "field": "BeginDate",
      "operator": Object {
        "name": "equals",
        "toODataString": [Function],
      },
      "value": Any<Date>,
    },
  ],
  "logic": "and",
}
`;

exports[`PrimeODataBasedComponent Observable State should reset 1`] = `
Object {
  "filters": Object {
    "y": Array [
      Object {
        "operator": "contains",
        "value": 56,
      },
    ],
  },
  "multiSortMeta": Array [
    Object {
      "field": "x",
      "order": 1,
    },
  ],
  "select": Array [
    "x",
    "y",
    "z",
  ],
}
`;
