// Jest Snapshot v1, https://goo.gl/fbAQLP

exports[`PrimeODataBasedComponent should export to Excel 1`] = `
Array [
  Object {
    "id": "apples",
  },
]
`;

exports[`PrimeODataBasedComponent should reset 1`] = `
Object {
  "filter": Object {
    "filters": Array [
      Object {
        "field": "x",
        "operator": [Function],
        "value": 1,
      },
    ],
    "logic": "and",
  },
  "orderBy": Array [
    Object {
      "dir": "desc",
      "field": "x",
    },
  ],
  "select": Array [
    "x",
    "y",
    "z",
  ],
}
`;
