// Jest Snapshot v1, https://goo.gl/fbAQLP

exports[`PrimeODataBasedComponent Observable State should export to Excel 1`] = `
[
  {
    "id": "apples",
  },
]
`;

exports[`PrimeODataBasedComponent Observable State should normalizeFilters CompositeFilter 1`] = `
{
  "filters": [
    {
      "field": "Date",
      "operator": {
        "name": "equals",
        "toODataString": [Function],
      },
      "value": Any<Date>,
    },
    {
      "field": "DateUtc",
      "operator": {
        "name": "equals",
        "toODataString": [Function],
      },
      "value": Any<Date>,
    },
    {
      "field": "BeginDate",
      "operator": {
        "name": "equals",
        "toODataString": [Function],
      },
      "value": Any<Date>,
    },
  ],
  "logic": "and",
}
`;

exports[`PrimeODataBasedComponent Observable State should reset 1`] = `
{
  "filters": {
    "y": [
      {
        "operator": "contains",
        "value": 56,
      },
    ],
  },
  "multiSortMeta": [
    {
      "field": "x",
      "order": 1,
    },
  ],
  "select": [
    "x",
    "y",
    "z",
  ],
}
`;
