// Jest Snapshot v1, https://jestjs.io/docs/snapshot-testing

exports[`PrimeODataBasedComponentRouted should export to Excel 1`] = `
[
  {
    "id": "apples",
  },
]
`;

exports[`PrimeODataBasedComponentRouted should reset 1`] = `
{
  "filters": {
    "x": [
      {
        "matchMode": "equals",
        "operator": "all",
        "value": 1,
      },
    ],
  },
  "first": 20,
  "multiSortMeta": [
    {
      "field": "x",
      "order": 1,
    },
  ],
  "select": [
    "x",
    "y",
    "z",
  ],
}
`;
