// Jest Snapshot v1, https://jestjs.io/docs/snapshot-testing

exports[`findFilter should find 1`] = `
{
  "field": "y",
  "operator": "eq",
  "value": 2,
}
`;

exports[`findFilter should find sub filters 1`] = `
{
  "field": "y",
  "operator": "eq",
  "value": 2,
}
`;

exports[`findFilter should not find 1`] = `undefined`;

exports[`findFilter should work with non-filtered odata states 1`] = `undefined`;
