// Jest Snapshot v1, https://jestjs.io/docs/snapshot-testing

exports[`translateChildSortingExpression should handle child sorting 1`] = `
{
  "expanders": [
    {
      "sort": [
        {
          "dir": "desc",
          "field": "b",
        },
      ],
      "table": "a",
    },
  ],
  "sort": [],
}
`;

exports[`translateChildSortingExpression should handle child sorting on previously sorted column 1`] = `
{
  "expanders": [
    {
      "sort": [
        {
          "dir": "desc",
          "field": "b",
        },
      ],
      "table": "a",
    },
  ],
  "sort": [],
}
`;
