// Jest Snapshot v1, https://goo.gl/fbAQLP

exports[`TokenInterceptorService should support exceptionHandling = true 1`] = `
HttpErrorResponse {
  "error": "Validation",
  "headers": HttpHeaders {
    "headers": Map {},
    "lazyInit": undefined,
    "lazyUpdate": null,
    "normalizedNames": Map {},
  },
  "message": "Http failure response for (unknown url): undefined undefined",
  "name": "HttpErrorResponse",
  "ok": false,
  "status": 0,
  "statusText": "Unknown Error",
  "type": undefined,
  "url": null,
}
`;
