// Jest Snapshot v1, https://jestjs.io/docs/snapshot-testing

exports[`EmployeeAddComponent should save 1`] = `
{
  "addressLine1": "ADDRESS_LINE_1",
  "addressLine2": "ADDRESS_LINE_2",
  "birthDate": Any<Date>,
  "certificationCount": 0,
  "city": "CITY",
  "competencyCount": 0,
  "email": "EMAIL",
  "employeeCertifications": [],
  "employeeCompetencies": [],
  "employeeHealthItems": [],
  "fireDate": Any<Date>,
  "firstName": "FIRST_NAME",
  "healthItemCount": 0,
  "hireDate": Any<Date>,
  "homePhone": "HOME_PHONE",
  "id": undefined,
  "isEnabled": false,
  "lastName": "LAST_NAME",
  "mobilePhone": "MOBILE_PHONE",
  "photo": "PHOTO",
  "state": "ST",
  "totalHoursOfService": 0,
  "zip": "ZIP",
}
`;
