// Jest Snapshot v1, https://goo.gl/fbAQLP

exports[`EmployeeCrudFacade used in NgModule clearCurrentEntity() should set currentEmployee to null 1`] = `
Object {
  "employees": Object {
    "currentEmployee": null,
    "gridData": Object {
      "data": Array [],
      "total": 0,
    },
    "gridODataState": Object {},
    "gridPagerSettings": false,
    "loading": false,
  },
}
`;
