// Jest Snapshot v1, https://goo.gl/fbAQLP

exports[`ProductAddComponent should save 1`] = `
Object {
  "color": "COLOR",
  "discontinuedDate": Any<Date>,
  "id": undefined,
  "listPrice": 0,
  "name": "NAME",
  "num": "NUM_NUM_NUM_NUM",
  "orderLineItems": null,
  "productCategory": Object {
    "id": "ID",
    "name": "NAME",
    "products": Array [],
  },
  "productCategoryId": "PRODUCT_CATEGORY_ID",
  "productModel": Object {
    "description": "DESCRIPTION",
    "id": "ID",
    "name": "NAME",
    "products": Array [],
  },
  "productModelId": "PRODUCT_MODEL_ID",
  "sellEndDate": Any<Date>,
  "sellStartDate": Any<Date>,
  "size": "SIZE",
  "standardCost": 0,
  "thumbNailPhoto": "THUMB_NAIL_PHOTO",
  "weight": 0,
}
`;
