// Jest Snapshot v1, https://goo.gl/fbAQLP

exports[`matchAndSpread should work 1`] = `
[
  {
    "collection": [
      "😎",
      "🐱‍👤",
    ],
    "id": 123,
    "singleValue": "😎😎😉",
  },
  {
    "collection": [
      "a",
      "b",
      "c",
    ],
    "id": 456,
    "singleValue": "🐱",
  },
]
`;
