// Jest Snapshot v1, https://jestjs.io/docs/snapshot-testing

exports[`imng-ngrx-module generation works - employees 1`] = `
[
  "/test/employees-ngrx-module/+state/employee-crud.effects.ts",
  "/test/employees-ngrx-module/+state/employee-list.effects.ts",
  "/test/employees-ngrx-module/+state/employee-lookup.effects.ts",
  "/test/employees-ngrx-module/+state/employee.actions.ts",
  "/test/employees-ngrx-module/+state/employee.feature.ts",
  "/test/employees-ngrx-module/+state/index.ts",
  "/test/employees-ngrx-module/employee-api.service.ts",
  "/test/employees-ngrx-module/employee-crud.facade.spec.ts",
  "/test/employees-ngrx-module/employee-crud.facade.ts",
  "/test/employees-ngrx-module/employee-list.facade.spec.ts",
  "/test/employees-ngrx-module/employee-list.facade.ts",
  "/test/employees-ngrx-module/employee-lookup.facade.spec.ts",
  "/test/employees-ngrx-module/employee-lookup.facade.ts",
  "/test/employees-ngrx-module/employees.module.spec.ts",
  "/test/employees-ngrx-module/employees.module.ts",
]
`;
