// Jest Snapshot v1, https://jestjs.io/docs/snapshot-testing

exports[`imng-module generation works - Competencies 1`] = `
[
  "/test/competencies-ngrx-module/+state/competency-crud.effects.ts",
  "/test/competencies-ngrx-module/+state/competency-list.effects.ts",
  "/test/competencies-ngrx-module/+state/competency-lookup.effects.ts",
  "/test/competencies-ngrx-module/+state/competency.actions.ts",
  "/test/competencies-ngrx-module/+state/competency.feature.ts",
  "/test/competencies-ngrx-module/+state/index.ts",
  "/test/competencies-ngrx-module/competencies.module.spec.ts",
  "/test/competencies-ngrx-module/competencies.module.ts",
  "/test/competencies-ngrx-module/competency-api.service.ts",
  "/test/competencies-ngrx-module/competency-crud.facade.spec.ts",
  "/test/competencies-ngrx-module/competency-crud.facade.ts",
  "/test/competencies-ngrx-module/competency-list.facade.spec.ts",
  "/test/competencies-ngrx-module/competency-list.facade.ts",
  "/test/competencies-ngrx-module/competency-lookup.facade.spec.ts",
  "/test/competencies-ngrx-module/competency-lookup.facade.ts",
]
`;
