// Jest Snapshot v1, https://jestjs.io/docs/snapshot-testing

exports[`imng-sub-list generation works 1`] = `
[
  "/test/+state/employee-certification.actions.ts",
  "/test/+state/employee-certification.effects.ts",
  "/test/+state/employee-certification.reducers.ts",
  "/test/+state/employee-certification.selectors.ts",
  "/test/employee-certifications-list/api.service.ts",
  "/test/employee-certifications-list/index.ts",
  "/test/employee-certifications-list/list.component.html",
  "/test/employee-certifications-list/list.component.scss",
  "/test/employee-certifications-list/list.component.spec.ts",
  "/test/employee-certifications-list/list.component.ts",
  "/test/employee-certifications-list/list.facade.spec.ts",
  "/test/employee-certifications-list/list.facade.ts",
  "/test/employee-certifications-list/list.grid-state.ts",
  "/test/models/ext-employee.ts",
]
`;
