// Jest Snapshot v1, https://goo.gl/fbAQLP

exports[`OrderLineItemListFacade used in NgModule it should get the grid state 1`] = `
{
  "filter": {
    "filters": [
      {
        "filters": [
          {
            "field": "orderId",
            "operator": "eq",
            "value": "ORDER_ID",
          },
        ],
        "logic": "and",
      },
    ],
    "logic": "and",
  },
}
`;
