// Jest Snapshot v1, https://goo.gl/fbAQLP

exports[`OrderLineItemListFacade used in NgModule it should get the grid state 1`] = `
Object {
  "filter": Object {
    "filters": Array [
      Object {
        "filters": Array [
          Object {
            "field": "orderId",
            "operator": "eq",
            "value": "ORDER_ID",
          },
        ],
        "logic": "and",
      },
    ],
    "logic": "and",
  },
}
`;
