// Jest Snapshot v1, https://goo.gl/fbAQLP

exports[`MockBaseComponent handle formControlErrors get 1`] = `
Array [
  Object {
    "controlName": "id",
    "error": Object {
      "happy": "😎",
    },
  },
]
`;

exports[`MockBaseComponent handle minLength formControlErrors get 1`] = `
Object {
  "actualLength": 3,
  "requiredLength": 20,
}
`;

exports[`MockBaseComponent handle required formControlErrors get 1`] = `undefined`;
