// Jest Snapshot v1, https://jestjs.io/docs/snapshot-testing

exports[`MockBaseComponent handle formControlErrors get 1`] = `
[
  {
    "controlName": "id",
    "error": {
      "happy": "😎",
    },
  },
]
`;

exports[`MockBaseComponent handle minLength formControlErrors get 1`] = `
{
  "actualLength": 3,
  "requiredLength": 20,
}
`;

exports[`MockBaseComponent handle required formControlErrors get 1`] = `undefined`;
