// Jest Snapshot v1, https://jestjs.io/docs/snapshot-testing

exports[`DataEntryDialog should create 1`] = `
IMNG_KENDO_DATA_ENTRY_DIALOG {
  "addEditForm": "🐎",
  "cancelButtonText": "Cancel",
  "dialogTitle": "🔥",
  "formId": "imng-form",
  "height": 600,
  "loading$": "💩",
  "parentComponent": {
    "addEditForm": "🐎",
    "closeForm": [MockFunction],
    "dialogTitle": "🔥",
    "loading$": "💩",
    "onCancel": [MockFunction],
    "onSubmit": [MockFunction],
  },
  "submitButtonText": "Submit",
  "submitted": false,
  "width": 800,
}
`;

exports[`DataEntryDialog should handle null parent 1`] = `[TypeError: The input 'parentComponent' is required]`;
