// Jest Snapshot v1, https://goo.gl/fbAQLP

exports[`DataEntryDialog should create 1`] = `
DataEntryDialogComponent {
  "addEditForm": "🐎",
  "dialogTitle": "🔥",
  "formId": "imng-form",
  "height": 600,
  "loading$": "💩",
  "parentComponent": Object {
    "addEditForm": "🐎",
    "closeForm": [MockFunction],
    "dialogTitle": "🔥",
    "loading$": "💩",
    "onCancel": [MockFunction],
    "onSubmit": [MockFunction],
  },
  "saveButtonText": "Save",
  "submitted": false,
  "width": 800,
}
`;

exports[`DataEntryDialog should handle null parent 1`] = `[TypeError: The input 'parentComponent' is required]`;
