// Jest Snapshot v1, https://jestjs.io/docs/snapshot-testing

exports[`ScheduleEditComponent should update 1`] = `
{
  "approvedOnUtc": Any<Date>,
  "employeeId": "EMPLOYEE_ID",
  "employeeName": "EMPLOYEE_NAME",
  "id": "ID",
  "scheduledHours": 0,
  "staffingRequirementId": "STAFFING_REQUIREMENT_ID",
  "startTimeUtc": Any<Date>,
  "unitId": "UNIT_ID",
  "unitName": "UNIT_NAME",
}
`;
