// Jest Snapshot v1, https://goo.gl/fbAQLP

exports[`BuildingCrudFacade used in NgModule clearCurrentEntity() should set currentBuilding to null 1`] = `
Object {
  "buildings": Object {
    "currentBuilding": null,
    "gridData": Object {
      "data": Array [],
      "total": 0,
    },
    "gridODataState": Object {},
    "gridPagerSettings": false,
    "loading": false,
  },
}
`;
